1. Migrate Status
2026_06_06_122002_add_engine_version_to_payrolls_table ..................................................... [5] Ran

2. Route List
POST            api/payrolls/auto ................................... Api\PayrollCalculationController@autoCalculate

3. Prerequisite Failed Test
Status: 200
Error: ["Summary belum finalized."]

4. Mismatch Assignment vs Summary Test
Status: 500
Mismatch Warning: null
Methods: ["__construct","preview","autoCalculate","batchGenerate","recalculate","overrideAllowance","middleware","getMiddleware","callAction","__call","authorize","authorizeForUser","authorizeResource","dispatchSync","validateWith","validate","validateWithBag"]
Body: {
    "message": "Undefined variable $ignorePayrollId",
    "exception": "ErrorException",
    "file": "C:\\xampp\\htdocs\\fullstackpayroll\\backend\\app\\Services\\PayrollCalculationService.php",
    "line": 47,
    "trace": [
        {
            "file": "C:\\xampp\\htdocs\\fullstackpayroll\\backend\\vendor\\laravel\\framework\\src\\Illuminate\\Foundation\\Bootstrap\\HandleExceptions.php",
            "line": 258,
            "function": "handleError",
            "class": "Illuminate\\Foundation\\Bootstrap\\HandleExceptions",
            "type": "->"
        },
        {
            "file": "C:\\xampp\\htdocs\\fullstackpayroll\\backend\\app\\Services\\PayrollCalculationService.php",
            "line": 47,
            "function": "Illuminate\\Foundation\\Bootstrap\\{closure}",
            "class": "Illuminate\\Foundation\\Bootstrap\\HandleExceptions",
            "type": "->"
        },
        {
            "file": "C:\\xampp\\htdocs\\fullstackpayroll\\backend\\app\\Services\\PayrollCalculationService.php",
            "line": 68,
            "function": "validatePrerequisites",
            "class": "App\\Services\\PayrollCalculationService",
            "type": "->"
        },
        {
            "file": "C:\\xampp\\htdocs\\fullstackpayroll\\backend\\app\\Services\\PayrollCalculationService.php",
            "line": 295,
            "function": "runEngine",
            "class": "App\\Services\\PayrollCalculationService",
            "type": "->"
        },
        {
            "file": "C:\\xampp\\htdocs\\fullstackpayroll\\backend\\app\\Http\\Controllers\\Api\\PayrollCalculationController.php",
            "line": 23,
            "function": "calculatePreview",
            "class": "App\\Services\\PayrollCalculationService",
            "type": "->"
        },
        {
            "file": "C:\\xampp\\htdocs\\fullstackpayroll\\backend\\vendor\\laravel\\framework\\src\\Illuminate\\Routing\\Controller.php",
            "line": 54,
            "function": "preview",
            "class": "App\\Http\\Controllers\\Api\\PayrollCalculationController",
            "type": "->"
        },
        {
            "file": "C:\\xampp\\htdocs\\fullstackpayroll\\backend\\vendor\\laravel\\framework\\src\\Illuminate\\Routing\\ControllerDispatcher.php",
            "line": 43,
            "function": "callAction",
            "class": "Illuminate\\Routing\\Controller",
            "type": "->"
        },
        {
            "file": "C:\\xampp\\htdocs\\fullstackpayroll\\backend\\vendor\\laravel\\framework\\src\\Illuminate\\Routing\\Route.php",
            "line": 265,
            "function": "dispatch",
            "class": "Illuminate\\Routing\\ControllerDispatcher",
            "type": "->"
        },
        {
            "file": "C:\\xampp\\htdocs\\fullstackpayroll\\backend\\vendor\\laravel\\framework\\src\\Illuminate\\Routing\\Route.php",
            "line": 211,
            "function": "runController",
            "class": "Illuminate\\Routing\\Route",
            "type": "->"
        },
        {
            "file": "C:\\xampp\\htdocs\\fullstackpayroll\\backend\\vendor\\laravel\\framework\\src\\Illuminate\\Routing\\Router.php",
            "line": 822,
            "function": "run",
            "class": "Illuminate\\Routing\\Route",
            "type": "->"
        },
        {
            "file": "C:\\xampp\\htdocs\\fullstackpayroll\\backend\\vendor\\laravel\\framework\\src\\Illuminate\\Pipeline\\Pipeline.php",
            "line": 180,
            "function": "Illuminate\\Routing\\{closure}",
            "class": "Illuminate\\Routing\\Router",
            "type": "->"
        },
        {
            "file": "C:\\xampp\\htdocs\\fullstackpayroll\\backend\\vendor\\laravel\\framework\\src\\Illuminate\\Routing\\Middleware\\SubstituteBindings.php",
            "line": 50,
            "function": "Illuminate\\Pipeline\\{closure}",
            "class": "Illuminate\\Pipeline\\Pipeline",
            "type": "->"
        },
        {
            "file": "C:\\xampp\\htdocs\\fullstackpayroll\\backend\\vendor\\laravel\\framework\\src\\Illuminate\\Pipeline\\Pipeline.php",
            "line": 219,
            "function": "handle",
            "class": "Illuminate\\Routing\\Middleware\\SubstituteBindings",
            "type": "->"
        },
        {
            "file": "C:\\xampp\\htdocs\\fullstackpayroll\\backend\\vendor\\laravel\\framework\\src\\Illuminate\\Auth\\Middleware\\Authenticate.php",
            "line": 63,
            "function": "Illuminate\\Pipeline\\{closure}",
            "class": "Illuminate\\Pipeline\\Pipeline",
            "type": "->"
        },
        {
            "file": "C:\\xampp\\htdocs\\fullstackpayroll\\backend\\vendor\\laravel\\framework\\src\\Illuminate\\Pipeline\\Pipeline.php",
            "line": 219,
            "function": "handle",
            "class": "Illuminate\\Auth\\Middleware\\Authenticate",
            "type": "->"
        },
        {
            "file": "C:\\xampp\\htdocs\\fullstackpayroll\\backend\\vendor\\laravel\\framework\\src\\Illuminate\\Pipeline\\Pipeline.php",
            "line": 137,
            "function": "Illuminate\\Pipeline\\{closure}",
            "class": "Illuminate\\Pipeline\\Pipeline",
            "type": "->"
        },
        {
            "file": "C:\\xampp\\htdocs\\fullstackpayroll\\backend\\vendor\\laravel\\framework\\src\\Illuminate\\Routing\\Router.php",
            "line": 821,
            "function": "then",
            "class": "Illuminate\\Pipeline\\Pipeline",
            "type": "->"
        },
        {
            "file": "C:\\xampp\\htdocs\\fullstackpayroll\\backend\\vendor\\laravel\\framework\\src\\Illuminate\\Routing\\Router.php",
            "line": 800,
            "function": "runRouteWithinStack",
            "class": "Illuminate\\Routing\\Router",
            "type": "->"
        },
        {
            "file": "C:\\xampp\\htdocs\\fullstackpayroll\\backend\\vendor\\laravel\\framework\\src\\Illuminate\\Routing\\Router.php",
            "line": 764,
            "function": "runRoute",
            "class": "Illuminate\\Routing\\Router",
            "type": "->"
        },
        {
            "file": "C:\\xampp\\htdocs\\fullstackpayroll\\backend\\vendor\\laravel\\framework\\src\\Illuminate\\Routing\\Router.php",
            "line": 753,
            "function": "dispatchToRoute",
            "class": "Illuminate\\Routing\\Router",
            "type": "->"
        },
        {
            "file": "C:\\xampp\\htdocs\\fullstackpayroll\\backend\\vendor\\laravel\\framework\\src\\Illuminate\\Foundation\\Http\\Kernel.php",
            "line": 200,
            "function": "dispatch",
            "class": "Illuminate\\Routing\\Router",
            "type": "->"
        },
        {
            "file": "C:\\xampp\\htdocs\\fullstackpayroll\\backend\\vendor\\laravel\\framework\\src\\Illuminate\\Pipeline\\Pipeline.php",
            "line": 180,
            "function": "Illuminate\\Foundation\\Http\\{closure}",
            "class": "Illuminate\\Foundation\\Http\\Kernel",
            "type": "->"
        },
        {
            "file": "C:\\xampp\\htdocs\\fullstackpayroll\\backend\\vendor\\laravel\\framework\\src\\Illuminate\\Foundation\\Http\\Middleware\\TransformsRequest.php",
            "line": 21,
            "function": "Illuminate\\Pipeline\\{closure}",
            "class": "Illuminate\\Pipeline\\Pipeline",
            "type": "->"
        },
        {
            "file": "C:\\xampp\\htdocs\\fullstackpayroll\\backend\\vendor\\laravel\\framework\\src\\Illuminate\\Foundation\\Http\\Middleware\\ConvertEmptyStringsToNull.php",
            "line": 31,
            "function": "handle",
            "class": "Illuminate\\Foundation\\Http\\Middleware\\TransformsRequest",
            "type": "->"
        },
        {
            "file": "C:\\xampp\\htdocs\\fullstackpayroll\\backend\\vendor\\laravel\\framework\\src\\Illuminate\\Pipeline\\Pipeline.php",
            "line": 219,
            "function": "handle",
            "class": "Illuminate\\Foundation\\Http\\Middleware\\ConvertEmptyStringsToNull",
            "type": "->"
        },
        {
            "file": "C:\\xampp\\htdocs\\fullstackpayroll\\backend\\vendor\\laravel\\framework\\src\\Illuminate\\Foundation\\Http\\Middleware\\TransformsRequest.php",
            "line": 21,
            "function": "Illuminate\\Pipeline\\{closure}",
            "class": "Illuminate\\Pipeline\\Pipeline",
            "type": "->"
        },
        {
            "file": "C:\\xampp\\htdocs\\fullstackpayroll\\backend\\vendor\\laravel\\framework\\src\\Illuminate\\Foundation\\Http\\Middleware\\TrimStrings.php",
            "line": 51,
            "function": "handle",
            "class": "Illuminate\\Foundation\\Http\\Middleware\\TransformsRequest",
            "type": "->"
        },
        {
            "file": "C:\\xampp\\htdocs\\fullstackpayroll\\backend\\vendor\\laravel\\framework\\src\\Illuminate\\Pipeline\\Pipeline.php",
            "line": 219,
            "function": "handle",
            "class": "Illuminate\\Foundation\\Http\\Middleware\\TrimStrings",
            "type": "->"
        },
        {
            "file": "C:\\xampp\\htdocs\\fullstackpayroll\\backend\\vendor\\laravel\\framework\\src\\Illuminate\\Http\\Middleware\\ValidatePostSize.php",
            "line": 27,
            "function": "Illuminate\\Pipeline\\{closure}",
            "class": "Illuminate\\Pipeline\\Pipeline",
            "type": "->"
        },
        {
            "file": "C:\\xampp\\htdocs\\fullstackpayroll\\backend\\vendor\\laravel\\framework\\src\\Illuminate\\Pipeline\\Pipeline.php",
            "line": 219,
            "function": "handle",
            "class": "Illuminate\\Http\\Middleware\\ValidatePostSize",
            "type": "->"
        },
        {
            "file": "C:\\xampp\\htdocs\\fullstackpayroll\\backend\\vendor\\laravel\\framework\\src\\Illuminate\\Foundation\\Http\\Middleware\\PreventRequestsDuringMaintenance.php",
            "line": 109,
            "function": "Illuminate\\Pipeline\\{closure}",
            "class": "Illuminate\\Pipeline\\Pipeline",
            "type": "->"
        },
        {
            "file": "C:\\xampp\\htdocs\\fullstackpayroll\\backend\\vendor\\laravel\\framework\\src\\Illuminate\\Pipeline\\Pipeline.php",
            "line": 219,
            "function": "handle",
            "class": "Illuminate\\Foundation\\Http\\Middleware\\PreventRequestsDuringMaintenance",
            "type": "->"
        },
        {
            "file": "C:\\xampp\\htdocs\\fullstackpayroll\\backend\\vendor\\laravel\\framework\\src\\Illuminate\\Http\\Middleware\\HandleCors.php",
            "line": 61,
            "function": "Illuminate\\Pipeline\\{closure}",
            "class": "Illuminate\\Pipeline\\Pipeline",
            "type": "->"
        },
        {
            "file": "C:\\xampp\\htdocs\\fullstackpayroll\\backend\\vendor\\laravel\\framework\\src\\Illuminate\\Pipeline\\Pipeline.php",
            "line": 219,
            "function": "handle",
            "class": "Illuminate\\Http\\Middleware\\HandleCors",
            "type": "->"
        },
        {
            "file": "C:\\xampp\\htdocs\\fullstackpayroll\\backend\\vendor\\laravel\\framework\\src\\Illuminate\\Http\\Middleware\\TrustProxies.php",
            "line": 58,
            "function": "Illuminate\\Pipeline\\{closure}",
            "class": "Illuminate\\Pipeline\\Pipeline",
            "type": "->"
        },
        {
            "file": "C:\\xampp\\htdocs\\fullstackpayroll\\backend\\vendor\\laravel\\framework\\src\\Illuminate\\Pipeline\\Pipeline.php",
            "line": 219,
            "function": "handle",
            "class": "Illuminate\\Http\\Middleware\\TrustProxies",
            "type": "->"
        },
        {
            "file": "C:\\xampp\\htdocs\\fullstackpayroll\\backend\\vendor\\laravel\\framework\\src\\Illuminate\\Foundation\\Http\\Middleware\\InvokeDeferredCallbacks.php",
            "line": 22,
            "function": "Illuminate\\Pipeline\\{closure}",
            "class": "Illuminate\\Pipeline\\Pipeline",
            "type": "->"
        },
        {
            "file": "C:\\xampp\\htdocs\\fullstackpayroll\\backend\\vendor\\laravel\\framework\\src\\Illuminate\\Pipeline\\Pipeline.php",
            "line": 219,
            "function": "handle",
            "class": "Illuminate\\Foundation\\Http\\Middleware\\InvokeDeferredCallbacks",
            "type": "->"
        },
        {
            "file": "C:\\xampp\\htdocs\\fullstackpayroll\\backend\\vendor\\laravel\\framework\\src\\Illuminate\\Http\\Middleware\\ValidatePathEncoding.php",
            "line": 26,
            "function": "Illuminate\\Pipeline\\{closure}",
            "class": "Illuminate\\Pipeline\\Pipeline",
            "type": "->"
        },
        {
            "file": "C:\\xampp\\htdocs\\fullstackpayroll\\backend\\vendor\\laravel\\framework\\src\\Illuminate\\Pipeline\\Pipeline.php",
            "line": 219,
            "function": "handle",
            "class": "Illuminate\\Http\\Middleware\\ValidatePathEncoding",
            "type": "->"
        },
        {
            "file": "C:\\xampp\\htdocs\\fullstackpayroll\\backend\\vendor\\laravel\\framework\\src\\Illuminate\\Pipeline\\Pipeline.php",
            "line": 137,
            "function": "Illuminate\\Pipeline\\{closure}",
            "class": "Illuminate\\Pipeline\\Pipeline",
            "type": "->"
        },
        {
            "file": "C:\\xampp\\htdocs\\fullstackpayroll\\backend\\vendor\\laravel\\framework\\src\\Illuminate\\Foundation\\Http\\Kernel.php",
            "line": 175,
            "function": "then",
            "class": "Illuminate\\Pipeline\\Pipeline",
            "type": "->"
        },
        {
            "file": "C:\\xampp\\htdocs\\fullstackpayroll\\backend\\vendor\\laravel\\framework\\src\\Illuminate\\Foundation\\Http\\Kernel.php",
            "line": 144,
            "function": "sendRequestThroughRouter",
            "class": "Illuminate\\Foundation\\Http\\Kernel",
            "type": "->"
        },
        {
            "file": "C:\\xampp\\htdocs\\fullstackpayroll\\backend\\vendor\\laravel\\framework\\src\\Illuminate\\Foundation\\Application.php",
            "line": 1220,
            "function": "handle",
            "class": "Illuminate\\Foundation\\Http\\Kernel",
            "type": "->"
        },
        {
            "file": "C:\\xampp\\htdocs\\fullstackpayroll\\backend\\public\\index.php",
            "line": 20,
            "function": "handleRequest",
            "class": "Illuminate\\Foundation\\Application",
            "type": "->"
        },
        {
            "file": "C:\\xampp\\htdocs\\fullstackpayroll\\backend\\vendor\\laravel\\framework\\src\\Illuminate\\Foundation\\resources\\server.php",
            "line": 23,
            "function": "require_once"
        }
    ]
}

   ErrorException 

  Undefined array key "is_calculable"

  at test_phase4a.php:149
    145▕     'employee_id' => $emp1->id, 'period_month' => $periodMonth
    146▕ ]);
    147▕ echo "Body: " . $resPre->body() . "\n";
    148▕ $data = $resPre->json();
  ➜ 149▕ echo "Is Calculable: " . ($data['is_calculable'] ? 'true' : 'false') . "\n";
    150▕ echo "Gaji Pokok: " . $data['gaji_pokok'] . " (Expected: 2200000)\n"; // 22 total_mandays * 100000
    151▕ $al = collect($data['allowances'])->pluck('amount', 'allowance_type')->toArray();
    152▕ echo "Transport Trip: " . ($al['transport_trip'] ?? 0) . " (Expected: 50000)\n";
    153▕ echo "Meal: " . ($al['meal'] ?? 0) . " (Expected: 200000)\n";

  1   test_phase4a.php:149
      Illuminate\Foundation\Bootstrap\HandleExceptions::Illuminate\Foundation\Bootstrap\{closure}("Undefined array key "is_calculable"", "C:\xampp\htdocs\fullstackpayroll\backend\test_phase4a.php")

